Microchip MPLAB XC8 Compiler V2.32

Linker command line:

-W-3 --edf=C:\Program Files\Microchip\xc8\v2.32\pic\dat\en_msgs.txt -cn \
  -h+dist/default/production\RS485_Slave.X.production.sym \
  --cmf=dist/default/production\RS485_Slave.X.production.cmf -z -Q18F4550 \
  -oC:\Users\DELL\AppData\Local\Temp\xcAs5sk.4 --defsym=__MPLAB_BUILD=1 \
  -Mdist/default/production/RS485_Slave.X.production.map -E1 \
  -ver=XC8 Compiler --acfsm=1493 -ASTACK=060h-07FFh -pstack=STACK \
  -ACODE=00h-07FFFh -ACONST=00h-07FFFh -ASMALLCONST=0800h-08FFhx120 \
  -AMEDIUMCONST=0800h-07FFFh -ACOMRAM=01h-05Fh -AABS1=00h-07FFh \
  -ABIGRAM=01h-07FFh -ARAM=060h-0FFh,0100h-01FFhx7 -ABANK0=060h-0FFh \
  -ABANK1=0100h-01FFh -ABANK2=0200h-02FFh -ABANK3=0300h-03FFh \
  -ABANK4=0400h-04FFh -ABANK5=0500h-05FFh -ABANK6=0600h-06FFh \
  -ABANK7=0700h-07FFh -ASFR=0F60h-0FFFh -ACONFIG=0300000h-030000Dh \
  -AIDLOC=0200000h-0200007h -AEEDATA=0F00000h-0F000FFh -peeprom_data=EEDATA \
  -preset_vec=00h,intcode,intcodelo,powerup,init -pramtop=0800h \
  -psmallconst=SMALLCONST -pmediumconst=MEDIUMCONST -pconst=CONST \
  -AFARRAM=00h-00h \
  -prdata=COMRAM,nvrram=COMRAM,nvbit=COMRAM,rbss=COMRAM,rbit=COMRAM \
  -pfarbss=FARRAM,fardata=FARRAM,nvFARRAM=FARRAM \
  -pintsave_regs=BIGRAM,bigbss=BIGRAM,bigdata=BIGRAM -pbss=RAM \
  -pidata=CODE,irdata=CODE,ibigdata=CODE,ifardata=CODE -prparam=COMRAM \
  C:\Users\DELL\AppData\Local\Temp\xcAs5sk.o \
  dist/default/production\RS485_Slave.X.production.o 

Object code version is 3.11

Machine type is 18F4550



                Name                               Link     Load   Length Selector   Space Scale
C:\Users\DELL\AppData\Local\Temp\xcAs5sk.o
                idloc                            200000   200000        8        0       5
                config                           300000   300000        E        0       4
                init                                  0        0        4        0       0
dist/default/production\RS485_Slave.X.production.o
                idloc                            200000   200000        8        0       5
                config                           300000   300000        E        0       4
                text14                             7936     7936        C     3C9B       0
                text13                             7974     7974       24     3CBA       0
                text12                             7958     7958       1C     3CAC       0
                text11                             7BE6     7BE6       A4     3DF3       0
                text10                             7B78     7B78       6E     3DBC       0
                text9                              7AA4     7AA4       68     3D52       0
                text8                              7C8A     7C8A       F0     3E45       0
                text7                              7998     7998       26     3CCC       0
                text6                              7B0C     7B0C       6C     3D86       0
                text5                              79BE     79BE       26     3CDF       0
                text4                              7A1A     7A1A       38     3D0D       0
                text3                              7A52     7A52       52     3D29       0
                text2                              7E76     7E76      18A     3F3B       0
                text1                              79E4     79E4       36     3CF2       0
                text0                              7D7A     7D7A       FC     3EBD       0
                cstackCOMRAM                          1        1       23        1       1
                bssCOMRAM                            24       24       16        1       1
                cinit                              7942     7942       16     3CA1       0

TOTAL           Name                               Link     Load   Length     Space
        CLASS   STACK          

        CLASS   CODE           
                init                                  0        0        4         0
                text14                             7936     7936        C         0
                text13                             7974     7974       24         0
                text12                             7958     7958       1C         0
                text11                             7BE6     7BE6       A4         0
                text10                             7B78     7B78       6E         0
                text9                              7AA4     7AA4       68         0
                text8                              7C8A     7C8A       F0         0
                text7                              7998     7998       26         0
                text6                              7B0C     7B0C       6C         0
                text5                              79BE     79BE       26         0
                text4                              7A1A     7A1A       38         0
                text3                              7A52     7A52       52         0
                text2                              7E76     7E76      18A         0
                text1                              79E4     79E4       36         0
                text0                              7D7A     7D7A       FC         0
                cinit                              7942     7942       16         0

        CLASS   CONST          

        CLASS   SMALLCONST     

        CLASS   MEDIUMCONST    

        CLASS   COMRAM         
                cstackCOMRAM                          1        1       23         1
                bssCOMRAM                            24       24       16         1

        CLASS   ABS1           

        CLASS   BIGRAM         

        CLASS   RAM            

        CLASS   BANK0          

        CLASS   BANK1          

        CLASS   BANK2          

        CLASS   BANK3          

        CLASS   BANK4          

        CLASS   BANK5          

        CLASS   BANK6          

        CLASS   BANK7          

        CLASS   SFR            

        CLASS   CONFIG         
                config                           300000   300000        E         4

        CLASS   IDLOC          
                idloc                            200000   200000        8         5

        CLASS   EEDATA         

        CLASS   FARRAM         



SEGMENTS        Name                           Load    Length   Top    Selector   Space  Class

                reset_vec                      000000  000004  000004         0       0  CODE    
                cstackCOMRAM                   000001  000039  00003A         1       1  COMRAM  
                text14                         007936  00000C  007942      3C9B       0  CODE    
                cinit                          007942  000016  007958      3CA1       0  CODE    
                text12                         007958  00001C  007974      3CAC       0  CODE    
                text13                         007974  000024  007998      3CBA       0  CODE    
                text7                          007998  000026  0079BE      3CCC       0  CODE    
                text5                          0079BE  000026  0079E4      3CDF       0  CODE    
                text1                          0079E4  000036  007A1A      3CF2       0  CODE    
                text4                          007A1A  000038  007A52      3D0D       0  CODE    
                text3                          007A52  000052  007AA4      3D29       0  CODE    
                text9                          007AA4  000068  007B0C      3D52       0  CODE    
                text6                          007B0C  00006C  007B78      3D86       0  CODE    
                text10                         007B78  00006E  007BE6      3DBC       0  CODE    
                text11                         007BE6  0000A4  007C8A      3DF3       0  CODE    
                text8                          007C8A  0000F0  007D7A      3E45       0  CODE    
                text0                          007D7A  0000FC  007E76      3EBD       0  CODE    
                text2                          007E76  00018A  008000      3F3B       0  CODE    


UNUSED ADDRESS RANGES

        Name                Unused          Largest block    Delta
        BANK0            000060-0000FF               A0
        BANK1            000100-0001FF              100
        BANK2            000200-0002FF              100
        BANK3            000300-0003FF              100
        BANK4            000400-0004FF              100
        BANK5            000500-0005FF              100
        BANK6            000600-0006FF              100
        BANK7            000700-0007FF              100
        BIGRAM           00003A-0007FF              7C6
        CODE             000004-007935             7932
        COMRAM           00003A-00005F               26
        CONST            000004-007935             7932
        EEDATA           F00000-F000FF              100
        MEDIUMCONST      000800-007935             7136
        RAM              000060-0007FF              100
        SFR              000F60-000FFF               A0
        SMALLCONST       000800-007935              100
        STACK            000060-0007FF              7A0

                                  Symbol Table

?_Uart_Available              cstackCOMRAM 000001
?___lldiv                     cstackCOMRAM 000001
?___wmul                      cstackCOMRAM 000001
?_atoi                        cstackCOMRAM 000008
?_isdigit                     cstackCOMRAM 000001
?_isspace                     cstackCOMRAM 000001
?_strlen                      cstackCOMRAM 000001
PWM_1_Set_Duty@value          cstackCOMRAM 000001
Uart_Init@baud                cstackCOMRAM 00000E
Uart_Init@vx                  cstackCOMRAM 000016
Uart_Read_Plot@b_fin          cstackCOMRAM 00000E
Uart_Read_Plot@b_ini          cstackCOMRAM 000016
Uart_Read_Plot@conta_fin      cstackCOMRAM 000019
Uart_Read_Plot@conta_ini      cstackCOMRAM 000017
Uart_Read_Plot@i              cstackCOMRAM 00001B
Uart_Read_Plot@j              cstackCOMRAM 00001D
Uart_Read_Plot@n_str          cstackCOMRAM 000011
Uart_Read_Plot@s_buf          cstackCOMRAM 000013
Uart_Read_Plot@tr_or          cstackCOMRAM 00000F
Uart_Read_String@Buf          cstackCOMRAM 000001
Uart_Read_String@c            cstackCOMRAM 000007
Uart_Read_String@cont_buf     cstackCOMRAM 000008
Uart_Read_String@s_buf        cstackCOMRAM 000003
Uart_Read_Substring@cp        cstackCOMRAM 000001
Uart_Read_Substring@fn        cstackCOMRAM 000007
Uart_Read_Substring@inc       cstackCOMRAM 000005
Uart_Read_Substring@lt        cstackCOMRAM 00000A
Uart_Read_Substring@pt        cstackCOMRAM 00000C
Uart_Read_Substring@vc        cstackCOMRAM 000003
_ADCON1bits                   (abs)        000FC1
_BAUDCON                      (abs)        000FB8
_BAUDCONbits                  (abs)        000FB8
_CCP1CON                      (abs)        000FBD
_CCP2CON                      (abs)        000FBA
_CCPR1L                       (abs)        000FBE
_CCPR2L                       (abs)        000FBB
_LATDbits                     (abs)        000F8C
_PIR1bits                     (abs)        000F9E
_PR2                          (abs)        000FCB
_PWM_1_Set_Duty               text14       007936
_PWM_Init                     text13       007974
_RCREG                        (abs)        000FAE
_RCSTA                        (abs)        000FAB
_RCSTAbits                    (abs)        000FAB
_SPBRG                        (abs)        000FAF
_SPBRGH                       (abs)        000FB0
_T2CON                        (abs)        000FCA
_T2CONbits                    (abs)        000FCA
_TMR2                         (abs)        000FCC
_TRISCbits                    (abs)        000F94
_TRISDbits                    (abs)        000F95
_TXREG                        (abs)        000FAD
_TXSTA                        (abs)        000FAC
_TXSTAbits                    (abs)        000FAC
_Uart_Available               text12       007958
_Uart_Init                    text10       007B78
_Uart_Read                    text7        007998
_Uart_Read_Plot               text8        007C8A
_Uart_Read_String             text6        007B0C
_Uart_Read_Substring          text9        007AA4
__HRAM                        (abs)        000000
__Habs1                       abs1         000000
__Hbank0                      bank0        000000
__Hbank1                      bank1        000000
__Hbank2                      bank2        000000
__Hbank3                      bank3        000000
__Hbank4                      bank4        000000
__Hbank5                      bank5        000000
__Hbank6                      bank6        000000
__Hbank7                      bank7        000000
__Hbigbss                     bigbss       000000
__Hbigdata                    bigdata      000000
__Hbigram                     bigram       000000
__Hbss                        bss          000000
__HbssCOMRAM                  bssCOMRAM    000000
__Hcinit                      cinit        000000
__Hclrtext                    clrtext      000000
__Hcomram                     comram       000000
__Hconfig                     config       30000E
__Hconst                      const        000000
__HcstackCOMRAM               cstackCOMRAM 000000
__Hdata                       data         000000
__Heeprom_data                eeprom_data  000000
__Hfarbss                     farbss       000000
__Hfardata                    fardata      000000
__Hibigdata                   ibigdata     000000
__Hidata                      idata        000000
__Hidloc                      idloc        200008
__Hifardata                   ifardata     000000
__Hinit                       init         000004
__Hintcode                    intcode      000000
__Hintcode_body               intcode_body 000000
__Hintcodelo                  intcodelo    000000
__Hintentry                   intentry     000000
__Hintret                     intret       000000
__Hintsave_regs               intsave_regs 000000
__Hirdata                     irdata       000000
__Hmediumconst                mediumconst  000000
__HnvFARRAM                   nvFARRAM     000000
__Hnvbit                      nvbit        000000
__Hnvrram                     nvrram       000000
__Hparam                      rparam       000000
__Hpowerup                    powerup      000000
__Hram                        ram          000000
__Hramtop                     ramtop       000800
__Hrbit                       rbit         000000
__Hrbss                       rbss         000000
__Hrdata                      rdata        000000
__Hreset_vec                  reset_vec    000000
__Hrparam                     rparam       000000
__Hsfr                        sfr          000000
__Hsmallconst                 smallconst   000000
__Hspace_0                    (abs)        008000
__Hspace_1                    (abs)        00003A
__Hspace_2                    (abs)        000000
__Hspace_4                    (abs)        60000E
__Hstack                      stack        000000
__Hstruct                     struct       000000
__Htemp                       temp         000000
__Htext                       text         000000
__Htext0                      text0        000000
__Htext1                      text1        000000
__Htext10                     text10       000000
__Htext11                     text11       000000
__Htext12                     text12       000000
__Htext13                     text13       000000
__Htext14                     text14       000000
__Htext2                      text2        000000
__Htext3                      text3        000000
__Htext4                      text4        000000
__Htext5                      text5        000000
__Htext6                      text6        000000
__Htext7                      text7        000000
__Htext8                      text8        000000
__Htext9                      text9        000000
__LRAM                        (abs)        000001
__Labs1                       abs1         000000
__Lbank0                      bank0        000000
__Lbank1                      bank1        000000
__Lbank2                      bank2        000000
__Lbank3                      bank3        000000
__Lbank4                      bank4        000000
__Lbank5                      bank5        000000
__Lbank6                      bank6        000000
__Lbank7                      bank7        000000
__Lbigbss                     bigbss       000000
__Lbigdata                    bigdata      000000
__Lbigram                     bigram       000000
__Lbss                        bss          000000
__LbssCOMRAM                  bssCOMRAM    000000
__Lcinit                      cinit        000000
__Lclrtext                    clrtext      000000
__Lcomram                     comram       000000
__Lconfig                     config       000000
__Lconst                      const        000000
__LcstackCOMRAM               cstackCOMRAM 000000
__Ldata                       data         000000
__Leeprom_data                eeprom_data  000000
__Lfarbss                     farbss       000000
__Lfardata                    fardata      000000
__Libigdata                   ibigdata     000000
__Lidata                      idata        000000
__Lidloc                      idloc        000000
__Lifardata                   ifardata     000000
__Linit                       init         000000
__Lintcode                    intcode      000000
__Lintcode_body               intcode_body 000000
__Lintcodelo                  intcodelo    000000
__Lintentry                   intentry     000000
__Lintret                     intret       000000
__Lintsave_regs               intsave_regs 000000
__Lirdata                     irdata       000000
__Lmediumconst                mediumconst  000000
__LnvFARRAM                   nvFARRAM     000000
__Lnvbit                      nvbit        000000
__Lnvrram                     nvrram       000000
__Lparam                      rparam       000000
__Lpowerup                    powerup      000000
__Lram                        ram          000000
__Lramtop                     ramtop       000800
__Lrbit                       rbit         000000
__Lrbss                       rbss         000000
__Lrdata                      rdata        000000
__Lreset_vec                  reset_vec    000000
__Lrparam                     rparam       000000
__Lsfr                        sfr          000000
__Lsmallconst                 smallconst   000000
__Lspace_0                    (abs)        000000
__Lspace_1                    (abs)        000000
__Lspace_2                    (abs)        000000
__Lspace_4                    (abs)        000000
__Lstack                      stack        000000
__Lstruct                     struct       000000
__Ltemp                       temp         000000
__Ltext                       text         000000
__Ltext0                      text0        000000
__Ltext1                      text1        000000
__Ltext10                     text10       000000
__Ltext11                     text11       000000
__Ltext12                     text12       000000
__Ltext13                     text13       000000
__Ltext14                     text14       000000
__Ltext2                      text2        000000
__Ltext3                      text3        000000
__Ltext4                      text4        000000
__Ltext5                      text5        000000
__Ltext6                      text6        000000
__Ltext7                      text7        000000
__Ltext8                      text8        000000
__Ltext9                      text9        000000
__S0                          (abs)        008000
__S1                          (abs)        00003A
__S2                          (abs)        000000
__S4                          (abs)        000000
__S5                          (abs)        000000
___inthi_sp                   stack        000000
___intlo_sp                   stack        000000
___lldiv                      text11       007BE6
___lldiv@counter              cstackCOMRAM 00000D
___lldiv@dividend             cstackCOMRAM 000001
___lldiv@divisor              cstackCOMRAM 000005
___lldiv@quotient             cstackCOMRAM 000009
___param_bank                 (abs)        000000
___rparam_used                (abs)        000001
___sp                         stack        000000
___wmul                       text5        0079BE
___wmul@multiplicand          cstackCOMRAM 000003
___wmul@multiplier            cstackCOMRAM 000001
___wmul@product               cstackCOMRAM 000005
__accesstop                   (abs)        000060
__activetblptr                (abs)        000002
__end_of_PWM_1_Set_Duty       text14       007942
__end_of_PWM_Init             text13       007998
__end_of_Uart_Available       text12       007974
__end_of_Uart_Init            text10       007BE6
__end_of_Uart_Read            text7        0079BE
__end_of_Uart_Read_Plot       text8        007D7A
__end_of_Uart_Read_String     text6        007B78
__end_of_Uart_Read_Substring  text9        007B0C
__end_of___lldiv              text11       007C8A
__end_of___wmul               text5        0079E4
__end_of__initialization      cinit        00794E
__end_of_atoi                 text2        008000
__end_of_isdigit              text4        007A52
__end_of_isspace              text3        007AA4
__end_of_main                 text0        007E76
__end_of_strlen               text1        007A1A
__initialization              cinit        007942
__mediumconst                 mediumconst  000000
__pbssCOMRAM                  bssCOMRAM    000024
__pcinit                      cinit        007942
__pcstackCOMRAM               cstackCOMRAM 000001
__ptext0                      text0        007D7A
__ptext1                      text1        0079E4
__ptext10                     text10       007B78
__ptext11                     text11       007BE6
__ptext12                     text12       007958
__ptext13                     text13       007974
__ptext14                     text14       007936
__ptext2                      text2        007E76
__ptext3                      text3        007A52
__ptext4                      text4        007A1A
__ptext5                      text5        0079BE
__ptext6                      text6        007B0C
__ptext7                      text7        007998
__ptext8                      text8        007C8A
__ptext9                      text9        007AA4
__ramtop                      ramtop       000800
__size_of_PWM_1_Set_Duty      (abs)        000000
__size_of_PWM_Init            (abs)        000000
__size_of_Uart_Available      (abs)        000000
__size_of_Uart_Init           (abs)        000000
__size_of_Uart_Read           (abs)        000000
__size_of_Uart_Read_Plot      (abs)        000000
__size_of_Uart_Read_String    (abs)        000000
__size_of_Uart_Read_Substring (abs)        000000
__size_of___lldiv             (abs)        000000
__size_of___wmul              (abs)        000000
__size_of_atoi                (abs)        000000
__size_of_isdigit             (abs)        000000
__size_of_isspace             (abs)        000000
__size_of_main                (abs)        000000
__size_of_strlen              (abs)        000000
__smallconst                  smallconst   000000
_atoi                         text2        007E76
_atoi$1024                    cstackCOMRAM 000010
_atoi$1025                    cstackCOMRAM 000014
_atoi$1026                    cstackCOMRAM 000012
_buffer                       bssCOMRAM    000032
_cad_p                        bssCOMRAM    000024
_isdigit                      text4        007A1A
_isspace                      text3        007A52
_isspace$1042                 cstackCOMRAM 000007
_main                         text0        007D7A
_strlen                       text1        0079E4
atoi@n                        cstackCOMRAM 000015
atoi@neg                      cstackCOMRAM 00000E
atoi@s                        cstackCOMRAM 000008
end_of_initialization         cinit        00794E
intlevel0                     text         000000
intlevel1                     text         000000
intlevel2                     text         000000
intlevel3                     text         000000
isa$std                       (abs)        000001
isa$xinst                     (abs)        000000
isdigit@c                     cstackCOMRAM 000001
isspace@c                     cstackCOMRAM 000001
main@estado_led1              cstackCOMRAM 00001F
main@estado_led2              cstackCOMRAM 000021
main@valor_pwm                cstackCOMRAM 000023
stackhi                       (abs)        0007FF
stacklo                       (abs)        000060
start                         init         000000
start_initialization          cinit        007942
strlen@a                      cstackCOMRAM 000003
strlen@s                      cstackCOMRAM 000001


MODULE INFORMATION

Module		Function		Class		Link	Load	Size
C:\Program Files\Microchip\xc8\v2.32\pic\sources\c99\common\isdigit.c
		_isdigit       		CODE           	7A1A	0000	56

C:\Program Files\Microchip\xc8\v2.32\pic\sources\c99\common\isdigit.c estimated size: 56

uart.c
		_Uart_Init     		CODE           	7B78	0000	110
		_Uart_Available		CODE           	7958	0000	28
		_Uart_Read_String		CODE           	7B0C	0000	108
		_Uart_Read_Substring		CODE           	7AA4	0000	104
		_Uart_Read     		CODE           	7998	0000	38

uart.c estimated size: 388

RS485_Slave.c
		_main          		CODE           	7D7A	0000	252

RS485_Slave.c estimated size: 252

pwm.c
		_PWM_1_Set_Duty		CODE           	7936	0000	12
		_PWM_Init      		CODE           	7974	0000	36

pwm.c estimated size: 48

C:\Program Files\Microchip\xc8\v2.32\pic\sources\c99\common\atoi.c
		_atoi          		CODE           	7E76	0000	394

C:\Program Files\Microchip\xc8\v2.32\pic\sources\c99\common\atoi.c estimated size: 394

C:\Program Files\Microchip\xc8\v2.32\pic\sources\c99\common\Umul16.c
		___wmul        		CODE           	79BE	0000	38

C:\Program Files\Microchip\xc8\v2.32\pic\sources\c99\common\Umul16.c estimated size: 38

uart_plot.c
		_Uart_Read_Plot		CODE           	7C8A	0000	240

uart_plot.c estimated size: 240

C:\Program Files\Microchip\xc8\v2.32\pic\sources\c99\common\isspace.c
		_isspace       		CODE           	7A52	0000	82

C:\Program Files\Microchip\xc8\v2.32\pic\sources\c99\common\isspace.c estimated size: 82

shared
		__initialization		CODE           	7942	0000	12

shared estimated size: 12

C:\Program Files\Microchip\xc8\v2.32\pic\sources\c99\common\__lldiv.c
		___lldiv       		CODE           	7BE6	0000	164

C:\Program Files\Microchip\xc8\v2.32\pic\sources\c99\common\__lldiv.c estimated size: 164

C:\Program Files\Microchip\xc8\v2.32\pic\sources\c99\common\strlen.c
		_strlen        		CODE           	79E4	0000	54

C:\Program Files\Microchip\xc8\v2.32\pic\sources\c99\common\strlen.c estimated size: 54

